---
source: tests/snapshot_tests.rs
---
[
  Token(
    kind: For,
    range: Range(
      start: 0,
      end: 3,
    ),
  ),
  Token(
    kind: Identifier("i"),
    range: Range(
      start: 4,
      end: 5,
    ),
  ),
  Token(
    kind: Assign,
    range: Range(
      start: 5,
      end: 6,
    ),
  ),
  Token(
    kind: Number("1"),
    range: Range(
      start: 7,
      end: 8,
    ),
  ),
  Token(
    kind: Comma,
    range: Range(
      start: 8,
      end: 9,
    ),
  ),
  Token(
    kind: Number("10"),
    range: Range(
      start: 10,
      end: 12,
    ),
  ),
  Token(
    kind: Do,
    range: Range(
      start: 13,
      end: 15,
    ),
  ),
  Token(
    kind: Identifier("print"),
    range: Range(
      start: 20,
      end: 25,
    ),
  ),
  Token(
    kind: LeftParen,
    range: Range(
      start: 25,
      end: 26,
    ),
  ),
  Token(
    kind: Identifier("i"),
    range: Range(
      start: 26,
      end: 27,
    ),
  ),
  Token(
    kind: RightParen,
    range: Range(
      start: 27,
      end: 28,
    ),
  ),
  Token(
    kind: End,
    range: Range(
      start: 29,
      end: 32,
    ),
  ),
  Token(
    kind: EOF,
    range: Range(
      start: 33,
      end: 33,
    ),
  ),
]
