---
source: tests/snapshot_tests.rs
---
Program(
  statements: [
    VariableDeclaration(VariableDeclaration(
      name: Token(
        kind: Identifier("name"),
        location: Location(
          start: Position(
            line: 1,
            column: 6,
          ),
          end: Position(
            line: 1,
            column: 10,
          ),
          rage_start: 6,
          rage_end: 10,
        ),
      ),
      local: true,
      var_type: Some(String),
      initializer: Some(Literal(String(StringLiteral(
        value: "Stella",
        location: Location(
          start: Position(
            line: 1,
            column: 21,
          ),
          end: Position(
            line: 1,
            column: 29,
          ),
          rage_start: 21,
          rage_end: 29,
        ),
      )))),
      location: Location(
        start: Position(
          line: 1,
          column: 6,
        ),
        end: Position(
          line: 1,
          column: 10,
        ),
        rage_start: 6,
        rage_end: 10,
      ),
    )),
  ],
)
