---
source: tests/snapshot_tests.rs
---
Program(
  statements: [
    VariableDeclaration(VariableDeclaration(
      name: Token(
        kind: Identifier("name"),
        location: Location(
          start: Position(
            line: 1,
            column: 6,
          ),
          end: Position(
            line: 1,
            column: 10,
          ),
          rage_start: 6,
          rage_end: 10,
        ),
      ),
      local: true,
      var_type: Some(String),
      initializer: Some(Literal(String(StringLiteral(
        value: "Stella",
        location: Location(
          start: Position(
            line: 1,
            column: 21,
          ),
          end: Position(
            line: 1,
            column: 29,
          ),
          rage_start: 21,
          rage_end: 29,
        ),
      )))),
      location: Location(
        start: Position(
          line: 1,
          column: 6,
        ),
        end: Position(
          line: 1,
          column: 10,
        ),
        rage_start: 6,
        rage_end: 10,
      ),
    )),
    VariableDeclaration(VariableDeclaration(
      name: Token(
        kind: Identifier("age"),
        location: Location(
          start: Position(
            line: 2,
            column: 6,
          ),
          end: Position(
            line: 2,
            column: 9,
          ),
          rage_start: 36,
          rage_end: 39,
        ),
      ),
      local: true,
      var_type: Some(Number),
      initializer: Some(Literal(Number(NumberLiteral(
        value: "25",
        location: Location(
          start: Position(
            line: 2,
            column: 20,
          ),
          end: Position(
            line: 2,
            column: 22,
          ),
          rage_start: 50,
          rage_end: 52,
        ),
      )))),
      location: Location(
        start: Position(
          line: 2,
          column: 6,
        ),
        end: Position(
          line: 2,
          column: 9,
        ),
        rage_start: 36,
        rage_end: 39,
      ),
    )),
    VariableDeclaration(VariableDeclaration(
      name: Token(
        kind: Identifier("is_student"),
        location: Location(
          start: Position(
            line: 3,
            column: 6,
          ),
          end: Position(
            line: 3,
            column: 16,
          ),
          rage_start: 59,
          rage_end: 69,
        ),
      ),
      local: true,
      var_type: Some(Boolean),
      initializer: Some(Literal(Boolean(BooleanLiteral(
        value: true,
        location: Location(
          start: Position(
            line: 3,
            column: 28,
          ),
          end: Position(
            line: 3,
            column: 32,
          ),
          rage_start: 81,
          rage_end: 85,
        ),
      )))),
      location: Location(
        start: Position(
          line: 3,
          column: 6,
        ),
        end: Position(
          line: 3,
          column: 16,
        ),
        rage_start: 59,
        rage_end: 69,
      ),
    )),
  ],
)
